<?xml version="1.0" encoding="ISO-8859-1" ?>
<link_info>
   <banner>TI ARM Linker PC v18.1.2.LTS</banner>
   <copyright>Copyright (c) 1996-2017 Texas Instruments Incorporated</copyright>
   <link_time>0x5fe0d0d0</link_time>
   <link_errors>0x0</link_errors>
   <output_file>motor_control_tiva123.out</output_file>
   <entry_point>
      <name>_c_int00_noargs</name>
      <address>0x30c1</address>
   </entry_point>
   <input_file_list>
      <input_file id="fl-2">
         <path>.\</path>
         <kind>object</kind>
         <file>main_20191001_v1.obj</file>
         <name>main_20191001_v1.obj</name>
      </input_file>
      <input_file id="fl-3">
         <path>.\</path>
         <kind>object</kind>
         <file>tm4c123gh6pm_startup_ccs.obj</file>
         <name>tm4c123gh6pm_startup_ccs.obj</name>
      </input_file>
      <input_file id="fl-4">
         <path>.\</path>
         <kind>object</kind>
         <file>uartstdio.obj</file>
         <name>uartstdio.obj</name>
      </input_file>
      <input_file id="fl-9">
         <kind>object</kind>
         <file>&lt;internal&gt;</file>
         <name>&lt;internal&gt;</name>
      </input_file>
      <input_file id="fl-a">
         <path>D:\tivaware\driverlib\ccs\Debug\</path>
         <kind>archive</kind>
         <file>driverlib.lib</file>
         <name>gpio.obj</name>
      </input_file>
      <input_file id="fl-b">
         <path>D:\tivaware\driverlib\ccs\Debug\</path>
         <kind>archive</kind>
         <file>driverlib.lib</file>
         <name>interrupt.obj</name>
      </input_file>
      <input_file id="fl-c">
         <path>D:\tivaware\driverlib\ccs\Debug\</path>
         <kind>archive</kind>
         <file>driverlib.lib</file>
         <name>pwm.obj</name>
      </input_file>
      <input_file id="fl-d">
         <path>D:\tivaware\driverlib\ccs\Debug\</path>
         <kind>archive</kind>
         <file>driverlib.lib</file>
         <name>qei.obj</name>
      </input_file>
      <input_file id="fl-e">
         <path>D:\tivaware\driverlib\ccs\Debug\</path>
         <kind>archive</kind>
         <file>driverlib.lib</file>
         <name>sysctl.obj</name>
      </input_file>
      <input_file id="fl-f">
         <path>D:\tivaware\driverlib\ccs\Debug\</path>
         <kind>archive</kind>
         <file>driverlib.lib</file>
         <name>timer.obj</name>
      </input_file>
      <input_file id="fl-10">
         <path>D:\tivaware\driverlib\ccs\Debug\</path>
         <kind>archive</kind>
         <file>driverlib.lib</file>
         <name>uart.obj</name>
      </input_file>
      <input_file id="fl-11">
         <path>D:\tivaware\driverlib\ccs\Debug\</path>
         <kind>archive</kind>
         <file>driverlib.lib</file>
         <name>cpu.obj</name>
      </input_file>
      <input_file id="fl-c7">
         <path>C:\ti\ccsv8\tools\compiler\ti-cgt-arm_18.1.2.LTS\lib\</path>
         <kind>archive</kind>
         <file>rtsv7M4_T_le_v4SPD16_eabi.lib</file>
         <name>u_divt2.asm.obj</name>
      </input_file>
      <input_file id="fl-c8">
         <path>C:\ti\ccsv8\tools\compiler\ti-cgt-arm_18.1.2.LTS\lib\</path>
         <kind>archive</kind>
         <file>rtsv7M4_T_le_v4SPD16_eabi.lib</file>
         <name>fd_cmp_t2.asm.obj</name>
      </input_file>
      <input_file id="fl-c9">
         <path>C:\ti\ccsv8\tools\compiler\ti-cgt-arm_18.1.2.LTS\lib\</path>
         <kind>archive</kind>
         <file>rtsv7M4_T_le_v4SPD16_eabi.lib</file>
         <name>fd_mul_t2.asm.obj</name>
      </input_file>
      <input_file id="fl-ca">
         <path>C:\ti\ccsv8\tools\compiler\ti-cgt-arm_18.1.2.LTS\lib\</path>
         <kind>archive</kind>
         <file>rtsv7M4_T_le_v4SPD16_eabi.lib</file>
         <name>i_tofd_t2.asm.obj</name>
      </input_file>
      <input_file id="fl-cb">
         <path>C:\ti\ccsv8\tools\compiler\ti-cgt-arm_18.1.2.LTS\lib\</path>
         <kind>archive</kind>
         <file>rtsv7M4_T_le_v4SPD16_eabi.lib</file>
         <name>copy_zero_init.c.obj</name>
      </input_file>
      <input_file id="fl-cc">
         <path>C:\ti\ccsv8\tools\compiler\ti-cgt-arm_18.1.2.LTS\lib\</path>
         <kind>archive</kind>
         <file>rtsv7M4_T_le_v4SPD16_eabi.lib</file>
         <name>copy_decompress_none.c.obj</name>
      </input_file>
      <input_file id="fl-cd">
         <path>C:\ti\ccsv8\tools\compiler\ti-cgt-arm_18.1.2.LTS\lib\</path>
         <kind>archive</kind>
         <file>rtsv7M4_T_le_v4SPD16_eabi.lib</file>
         <name>copy_decompress_lzss.c.obj</name>
      </input_file>
      <input_file id="fl-ce">
         <path>C:\ti\ccsv8\tools\compiler\ti-cgt-arm_18.1.2.LTS\lib\</path>
         <kind>archive</kind>
         <file>rtsv7M4_T_le_v4SPD16_eabi.lib</file>
         <name>boot_cortex_m.c.obj</name>
      </input_file>
      <input_file id="fl-cf">
         <path>C:\ti\ccsv8\tools\compiler\ti-cgt-arm_18.1.2.LTS\lib\</path>
         <kind>archive</kind>
         <file>rtsv7M4_T_le_v4SPD16_eabi.lib</file>
         <name>exit.c.obj</name>
      </input_file>
      <input_file id="fl-d0">
         <path>C:\ti\ccsv8\tools\compiler\ti-cgt-arm_18.1.2.LTS\lib\</path>
         <kind>archive</kind>
         <file>rtsv7M4_T_le_v4SPD16_eabi.lib</file>
         <name>_lock.c.obj</name>
      </input_file>
      <input_file id="fl-d1">
         <path>C:\ti\ccsv8\tools\compiler\ti-cgt-arm_18.1.2.LTS\lib\</path>
         <kind>archive</kind>
         <file>rtsv7M4_T_le_v4SPD16_eabi.lib</file>
         <name>args_main.c.obj</name>
      </input_file>
      <input_file id="fl-d2">
         <path>C:\ti\ccsv8\tools\compiler\ti-cgt-arm_18.1.2.LTS\lib\</path>
         <kind>archive</kind>
         <file>rtsv7M4_T_le_v4SPD16_eabi.lib</file>
         <name>sscanf.c.obj</name>
      </input_file>
      <input_file id="fl-d3">
         <path>C:\ti\ccsv8\tools\compiler\ti-cgt-arm_18.1.2.LTS\lib\</path>
         <kind>archive</kind>
         <file>rtsv7M4_T_le_v4SPD16_eabi.lib</file>
         <name>div0.asm.obj</name>
      </input_file>
      <input_file id="fl-d4">
         <path>C:\ti\ccsv8\tools\compiler\ti-cgt-arm_18.1.2.LTS\lib\</path>
         <kind>archive</kind>
         <file>rtsv7M4_T_le_v4SPD16_eabi.lib</file>
         <name>memset_t2.asm.obj</name>
      </input_file>
      <input_file id="fl-d5">
         <path>C:\ti\ccsv8\tools\compiler\ti-cgt-arm_18.1.2.LTS\lib\</path>
         <kind>archive</kind>
         <file>rtsv7M4_T_le_v4SPD16_eabi.lib</file>
         <name>memcpy_t2.asm.obj</name>
      </input_file>
      <input_file id="fl-d6">
         <path>C:\ti\ccsv8\tools\compiler\ti-cgt-arm_18.1.2.LTS\lib\</path>
         <kind>archive</kind>
         <file>rtsv7M4_T_le_v4SPD16_eabi.lib</file>
         <name>autoinit.c.obj</name>
      </input_file>
      <input_file id="fl-d7">
         <path>C:\ti\ccsv8\tools\compiler\ti-cgt-arm_18.1.2.LTS\lib\</path>
         <kind>archive</kind>
         <file>rtsv7M4_T_le_v4SPD16_eabi.lib</file>
         <name>pre_init.c.obj</name>
      </input_file>
      <input_file id="fl-d8">
         <path>C:\ti\ccsv8\tools\compiler\ti-cgt-arm_18.1.2.LTS\lib\</path>
         <kind>archive</kind>
         <file>rtsv7M4_T_le_v4SPD16_eabi.lib</file>
         <name>cpy_tbl.c.obj</name>
      </input_file>
      <input_file id="fl-d9">
         <path>C:\ti\ccsv8\tools\compiler\ti-cgt-arm_18.1.2.LTS\lib\</path>
         <kind>archive</kind>
         <file>rtsv7M4_T_le_v4SPD16_eabi.lib</file>
         <name>_scanfi.c.obj</name>
      </input_file>
      <input_file id="fl-da">
         <path>C:\ti\ccsv8\tools\compiler\ti-cgt-arm_18.1.2.LTS\lib\</path>
         <kind>archive</kind>
         <file>rtsv7M4_T_le_v4SPD16_eabi.lib</file>
         <name>atoi.c.obj</name>
      </input_file>
      <input_file id="fl-db">
         <path>C:\ti\ccsv8\tools\compiler\ti-cgt-arm_18.1.2.LTS\lib\</path>
         <kind>archive</kind>
         <file>rtsv7M4_T_le_v4SPD16_eabi.lib</file>
         <name>ctype.c.obj</name>
      </input_file>
      <input_file id="fl-dc">
         <path>C:\ti\ccsv8\tools\compiler\ti-cgt-arm_18.1.2.LTS\lib\</path>
         <kind>archive</kind>
         <file>rtsv7M4_T_le_v4SPD16_eabi.lib</file>
         <name>strchr.c.obj</name>
      </input_file>
      <input_file id="fl-dd">
         <path>C:\ti\ccsv8\tools\compiler\ti-cgt-arm_18.1.2.LTS\lib\</path>
         <kind>archive</kind>
         <file>rtsv7M4_T_le_v4SPD16_eabi.lib</file>
         <name>strcpy.c.obj</name>
      </input_file>
      <input_file id="fl-de">
         <path>C:\ti\ccsv8\tools\compiler\ti-cgt-arm_18.1.2.LTS\lib\</path>
         <kind>archive</kind>
         <file>rtsv7M4_T_le_v4SPD16_eabi.lib</file>
         <name>strlen.c.obj</name>
      </input_file>
      <input_file id="fl-df">
         <path>C:\ti\ccsv8\tools\compiler\ti-cgt-arm_18.1.2.LTS\lib\</path>
         <kind>archive</kind>
         <file>rtsv7M4_T_le_v4SPD16_eabi.lib</file>
         <name>strrchr.c.obj</name>
      </input_file>
      <input_file id="fl-e0">
         <path>C:\ti\ccsv8\tools\compiler\ti-cgt-arm_18.1.2.LTS\lib\</path>
         <kind>archive</kind>
         <file>rtsv7M4_T_le_v4SPD16_eabi.lib</file>
         <name>strtod.c.obj</name>
      </input_file>
      <input_file id="fl-e1">
         <path>C:\ti\ccsv8\tools\compiler\ti-cgt-arm_18.1.2.LTS\lib\</path>
         <kind>archive</kind>
         <file>rtsv7M4_T_le_v4SPD16_eabi.lib</file>
         <name>strtol.c.obj</name>
      </input_file>
      <input_file id="fl-e2">
         <path>C:\ti\ccsv8\tools\compiler\ti-cgt-arm_18.1.2.LTS\lib\</path>
         <kind>archive</kind>
         <file>rtsv7M4_T_le_v4SPD16_eabi.lib</file>
         <name>strtoll.c.obj</name>
      </input_file>
      <input_file id="fl-e3">
         <path>C:\ti\ccsv8\tools\compiler\ti-cgt-arm_18.1.2.LTS\lib\</path>
         <kind>archive</kind>
         <file>rtsv7M4_T_le_v4SPD16_eabi.lib</file>
         <name>strtoul.c.obj</name>
      </input_file>
      <input_file id="fl-e4">
         <path>C:\ti\ccsv8\tools\compiler\ti-cgt-arm_18.1.2.LTS\lib\</path>
         <kind>archive</kind>
         <file>rtsv7M4_T_le_v4SPD16_eabi.lib</file>
         <name>strtoull.c.obj</name>
      </input_file>
      <input_file id="fl-e5">
         <path>C:\ti\ccsv8\tools\compiler\ti-cgt-arm_18.1.2.LTS\lib\</path>
         <kind>archive</kind>
         <file>rtsv7M4_T_le_v4SPD16_eabi.lib</file>
         <name>s_scalbn.c.obj</name>
      </input_file>
      <input_file id="fl-e6">
         <path>C:\ti\ccsv8\tools\compiler\ti-cgt-arm_18.1.2.LTS\lib\</path>
         <kind>archive</kind>
         <file>rtsv7M4_T_le_v4SPD16_eabi.lib</file>
         <name>s_copysign.c.obj</name>
      </input_file>
      <input_file id="fl-e7">
         <path>C:\ti\ccsv8\tools\compiler\ti-cgt-arm_18.1.2.LTS\lib\</path>
         <kind>archive</kind>
         <file>rtsv7M4_T_le_v4SPD16_eabi.lib</file>
         <name>fd_add_t2.asm.obj</name>
      </input_file>
      <input_file id="fl-e8">
         <path>C:\ti\ccsv8\tools\compiler\ti-cgt-arm_18.1.2.LTS\lib\</path>
         <kind>archive</kind>
         <file>rtsv7M4_T_le_v4SPD16_eabi.lib</file>
         <name>fd_div_t2.asm.obj</name>
      </input_file>
      <input_file id="fl-e9">
         <path>C:\ti\ccsv8\tools\compiler\ti-cgt-arm_18.1.2.LTS\lib\</path>
         <kind>archive</kind>
         <file>rtsv7M4_T_le_v4SPD16_eabi.lib</file>
         <name>fd_tos_t2.asm.obj</name>
      </input_file>
      <input_file id="fl-ea">
         <path>C:\ti\ccsv8\tools\compiler\ti-cgt-arm_18.1.2.LTS\lib\</path>
         <kind>archive</kind>
         <file>rtsv7M4_T_le_v4SPD16_eabi.lib</file>
         <name>ll_mul_t2.asm.obj</name>
      </input_file>
      <input_file id="fl-eb">
         <path>C:\ti\ccsv8\tools\compiler\ti-cgt-arm_18.1.2.LTS\lib\</path>
         <kind>archive</kind>
         <file>rtsv7M4_T_le_v4SPD16_eabi.lib</file>
         <name>ull_div_t2.asm.obj</name>
      </input_file>
      <input_file id="fl-ec">
         <path>C:\ti\ccsv8\tools\compiler\ti-cgt-arm_18.1.2.LTS\lib\</path>
         <kind>archive</kind>
         <file>rtsv7M4_T_le_v4SPD16_eabi.lib</file>
         <name>errno.c.obj</name>
      </input_file>
   </input_file_list>
   <object_component_list>
      <object_component id="oc-f">
         <name>.intvecs</name>
         <load_address>0x0</load_address>
         <run_address>0x0</run_address>
         <size>0x26c</size>
         <input_file_ref idref="fl-3"/>
      </object_component>
      <object_component id="oc-233">
         <name>.text:__TI_scanfi</name>
         <load_address>0x26c</load_address>
         <run_address>0x26c</run_address>
         <size>0xaf0</size>
         <input_file_ref idref="fl-d9"/>
      </object_component>
      <object_component id="oc-2a">
         <name>.text</name>
         <load_address>0xd5c</load_address>
         <run_address>0xd5c</run_address>
         <size>0x680</size>
         <input_file_ref idref="fl-2"/>
      </object_component>
      <object_component id="oc-89">
         <name>.text</name>
         <load_address>0x13dc</load_address>
         <run_address>0x13dc</run_address>
         <size>0x484</size>
         <input_file_ref idref="fl-4"/>
      </object_component>
      <object_component id="oc-2eb">
         <name>.text:strtod</name>
         <load_address>0x1860</load_address>
         <run_address>0x1860</run_address>
         <size>0x460</size>
         <input_file_ref idref="fl-e0"/>
      </object_component>
      <object_component id="oc-2fc">
         <name>.text:strtoll</name>
         <load_address>0x1cc0</load_address>
         <run_address>0x1cc0</run_address>
         <size>0x1dc</size>
         <input_file_ref idref="fl-e2"/>
      </object_component>
      <object_component id="oc-365">
         <name>.text</name>
         <load_address>0x1e9c</load_address>
         <run_address>0x1e9c</run_address>
         <size>0x1b6</size>
         <input_file_ref idref="fl-e7"/>
      </object_component>
      <object_component id="oc-2c3">
         <name>.text</name>
         <load_address>0x2052</load_address>
         <run_address>0x2052</run_address>
         <size>0x2</size>
         <input_file_ref idref="fl-d3"/>
      </object_component>
      <object_component id="oc-2df">
         <name>.text:strtoull</name>
         <load_address>0x2054</load_address>
         <run_address>0x2054</run_address>
         <size>0x15c</size>
         <input_file_ref idref="fl-e4"/>
      </object_component>
      <object_component id="oc-36a">
         <name>.text</name>
         <load_address>0x21b0</load_address>
         <run_address>0x21b0</run_address>
         <size>0x136</size>
         <input_file_ref idref="fl-e8"/>
      </object_component>
      <object_component id="oc-b9">
         <name>.text:GPIOPadConfigSet</name>
         <load_address>0x22e6</load_address>
         <run_address>0x22e6</run_address>
         <size>0x132</size>
         <input_file_ref idref="fl-a"/>
      </object_component>
      <object_component id="oc-2f6">
         <name>.text:strtol</name>
         <load_address>0x2418</load_address>
         <run_address>0x2418</run_address>
         <size>0x130</size>
         <input_file_ref idref="fl-e1"/>
      </object_component>
      <object_component id="oc-83">
         <name>.text:SysCtlClockGet</name>
         <load_address>0x2548</load_address>
         <run_address>0x2548</run_address>
         <size>0x110</size>
         <input_file_ref idref="fl-e"/>
      </object_component>
      <object_component id="oc-36f">
         <name>.text:scalbn</name>
         <load_address>0x2658</load_address>
         <run_address>0x2658</run_address>
         <size>0x110</size>
         <input_file_ref idref="fl-e5"/>
      </object_component>
      <object_component id="oc-2e5">
         <name>.text:strtoul</name>
         <load_address>0x2768</load_address>
         <run_address>0x2768</run_address>
         <size>0x110</size>
         <input_file_ref idref="fl-e3"/>
      </object_component>
      <object_component id="oc-14f">
         <name>.text</name>
         <load_address>0x2878</load_address>
         <run_address>0x2878</run_address>
         <size>0xfc</size>
         <input_file_ref idref="fl-c9"/>
      </object_component>
      <object_component id="oc-164">
         <name>.text:SysCtlClockSet</name>
         <load_address>0x2974</load_address>
         <run_address>0x2974</run_address>
         <size>0xf4</size>
         <input_file_ref idref="fl-e"/>
      </object_component>
      <object_component id="oc-3e">
         <name>.text</name>
         <load_address>0x2a68</load_address>
         <run_address>0x2a68</run_address>
         <size>0x9c</size>
         <input_file_ref idref="fl-d5"/>
      </object_component>
      <object_component id="oc-356">
         <name>.text</name>
         <load_address>0x2b04</load_address>
         <run_address>0x2b04</run_address>
         <size>0x96</size>
         <input_file_ref idref="fl-eb"/>
      </object_component>
      <object_component id="oc-159">
         <name>.text:__aeabi_cdcmple</name>
         <load_address>0x2b9a</load_address>
         <run_address>0x2b9a</run_address>
         <size>0x86</size>
         <input_file_ref idref="fl-c8"/>
      </object_component>
      <object_component id="oc-154">
         <name>.text:__aeabi_cdrcmple</name>
         <load_address>0x2c20</load_address>
         <run_address>0x2c20</run_address>
         <size>0x86</size>
         <input_file_ref idref="fl-c8"/>
      </object_component>
      <object_component id="oc-1a2">
         <name>.text</name>
         <load_address>0x2ca6</load_address>
         <run_address>0x2ca6</run_address>
         <size>0x7a</size>
         <input_file_ref idref="fl-d4"/>
      </object_component>
      <object_component id="oc-2f1">
         <name>.text</name>
         <load_address>0x2d20</load_address>
         <run_address>0x2d20</run_address>
         <size>0x6e</size>
         <input_file_ref idref="fl-e9"/>
      </object_component>
      <object_component id="oc-9b">
         <name>.text:IntEnable</name>
         <load_address>0x2d90</load_address>
         <run_address>0x2d90</run_address>
         <size>0x68</size>
         <input_file_ref idref="fl-b"/>
      </object_component>
      <object_component id="oc-245">
         <name>.text:_chkmbc</name>
         <load_address>0x2df8</load_address>
         <run_address>0x2df8</run_address>
         <size>0x68</size>
         <input_file_ref idref="fl-d2"/>
      </object_component>
      <object_component id="oc-12">
         <name>.text:decompress:lzss:__TI_decompress_lzss</name>
         <load_address>0x2e60</load_address>
         <run_address>0x2e60</run_address>
         <size>0x68</size>
         <input_file_ref idref="fl-cd"/>
      </object_component>
      <object_component id="oc-8f">
         <name>.text:TimerConfigure</name>
         <load_address>0x2ec8</load_address>
         <run_address>0x2ec8</run_address>
         <size>0x60</size>
         <input_file_ref idref="fl-f"/>
      </object_component>
      <object_component id="oc-30b">
         <name>.text:atoi</name>
         <load_address>0x2f28</load_address>
         <run_address>0x2f28</run_address>
         <size>0x4c</size>
         <input_file_ref idref="fl-da"/>
      </object_component>
      <object_component id="oc-77">
         <name>.text:GPIOPinConfigure</name>
         <load_address>0x2f74</load_address>
         <run_address>0x2f74</run_address>
         <size>0x48</size>
         <input_file_ref idref="fl-a"/>
      </object_component>
      <object_component id="oc-1d1">
         <name>.text:UARTConfigSetExpClk</name>
         <load_address>0x2fbc</load_address>
         <run_address>0x2fbc</run_address>
         <size>0x46</size>
         <input_file_ref idref="fl-10"/>
      </object_component>
      <object_component id="oc-272">
         <name>.text:__TI_auto_init_nobinit_nopinit:__TI_auto_init_nobinit_nopinit</name>
         <load_address>0x3004</load_address>
         <run_address>0x3004</run_address>
         <size>0x44</size>
         <input_file_ref idref="fl-d6"/>
      </object_component>
      <object_component id="oc-1f2">
         <name>.text</name>
         <load_address>0x3048</load_address>
         <run_address>0x3048</run_address>
         <size>0x40</size>
         <input_file_ref idref="fl-c7"/>
      </object_component>
      <object_component id="oc-1cb">
         <name>.text:SysCtlPeripheralPresent</name>
         <load_address>0x3088</load_address>
         <run_address>0x3088</run_address>
         <size>0x38</size>
         <input_file_ref idref="fl-e"/>
      </object_component>
      <object_component id="oc-5c">
         <name>.text:_c_int00_noargs:_c_int00_noargs</name>
         <load_address>0x30c0</load_address>
         <run_address>0x30c0</run_address>
         <size>0x38</size>
         <input_file_ref idref="fl-ce"/>
      </object_component>
      <object_component id="oc-16a">
         <name>.text:sscanf</name>
         <load_address>0x30f8</load_address>
         <run_address>0x30f8</run_address>
         <size>0x38</size>
         <input_file_ref idref="fl-d2"/>
      </object_component>
      <object_component id="oc-71">
         <name>.text:SysCtlPeripheralEnable</name>
         <load_address>0x3130</load_address>
         <run_address>0x3130</run_address>
         <size>0x34</size>
         <input_file_ref idref="fl-e"/>
      </object_component>
      <object_component id="oc-14a">
         <name>.text</name>
         <load_address>0x3164</load_address>
         <run_address>0x3164</run_address>
         <size>0x2e</size>
         <input_file_ref idref="fl-ca"/>
      </object_component>
      <object_component id="oc-b3">
         <name>.text:GPIODirModeSet</name>
         <load_address>0x3192</load_address>
         <run_address>0x3192</run_address>
         <size>0x2a</size>
         <input_file_ref idref="fl-a"/>
      </object_component>
      <object_component id="oc-cc">
         <name>.text:PWMGenConfigure</name>
         <load_address>0x31bc</load_address>
         <run_address>0x31bc</run_address>
         <size>0x22</size>
         <input_file_ref idref="fl-c"/>
      </object_component>
      <object_component id="oc-2b2">
         <name>.text:UARTDisable</name>
         <load_address>0x31e0</load_address>
         <run_address>0x31e0</run_address>
         <size>0x20</size>
         <input_file_ref idref="fl-10"/>
      </object_component>
      <object_component id="oc-12c">
         <name>.text:PWMPulseWidthSet</name>
         <load_address>0x3200</load_address>
         <run_address>0x3200</run_address>
         <size>0x1e</size>
         <input_file_ref idref="fl-c"/>
      </object_component>
      <object_component id="oc-d8">
         <name>.text:GPIOPinTypeGPIOOutput</name>
         <load_address>0x321e</load_address>
         <run_address>0x321e</run_address>
         <size>0x18</size>
         <input_file_ref idref="fl-a"/>
      </object_component>
      <object_component id="oc-351">
         <name>.text</name>
         <load_address>0x3236</load_address>
         <run_address>0x3236</run_address>
         <size>0x18</size>
         <input_file_ref idref="fl-ea"/>
      </object_component>
      <object_component id="oc-311">
         <name>.text:strrchr</name>
         <load_address>0x324e</load_address>
         <run_address>0x324e</run_address>
         <size>0x18</size>
         <input_file_ref idref="fl-df"/>
      </object_component>
      <object_component id="oc-317">
         <name>.text:strchr</name>
         <load_address>0x3266</load_address>
         <run_address>0x3266</run_address>
         <size>0x16</size>
         <input_file_ref idref="fl-dc"/>
      </object_component>
      <object_component id="oc-bf">
         <name>.text:SysCtlPWMClockSet</name>
         <load_address>0x327c</load_address>
         <run_address>0x327c</run_address>
         <size>0x14</size>
         <input_file_ref idref="fl-e"/>
      </object_component>
      <object_component id="oc-1d7">
         <name>.text:UARTEnable</name>
         <load_address>0x3290</load_address>
         <run_address>0x3290</run_address>
         <size>0x14</size>
         <input_file_ref idref="fl-10"/>
      </object_component>
      <object_component id="oc-3c7">
         <name>.text:copysign</name>
         <load_address>0x32a4</load_address>
         <run_address>0x32a4</run_address>
         <size>0x14</size>
         <input_file_ref idref="fl-e6"/>
      </object_component>
      <object_component id="oc-2d9">
         <name>.text:strcpy</name>
         <load_address>0x32b8</load_address>
         <run_address>0x32b8</run_address>
         <size>0x14</size>
         <input_file_ref idref="fl-dd"/>
      </object_component>
      <object_component id="oc-305">
         <name>.text:strlen</name>
         <load_address>0x32cc</load_address>
         <run_address>0x32cc</run_address>
         <size>0x14</size>
         <input_file_ref idref="fl-de"/>
      </object_component>
      <object_component id="oc-c6">
         <name>.text:GPIOPinTypePWM</name>
         <load_address>0x32e0</load_address>
         <run_address>0x32e0</run_address>
         <size>0x12</size>
         <input_file_ref idref="fl-a"/>
      </object_component>
      <object_component id="oc-de">
         <name>.text:GPIOPinTypeQEI</name>
         <load_address>0x32f2</load_address>
         <run_address>0x32f2</run_address>
         <size>0x12</size>
         <input_file_ref idref="fl-a"/>
      </object_component>
      <object_component id="oc-7d">
         <name>.text:GPIOPinTypeUART</name>
         <load_address>0x3304</load_address>
         <run_address>0x3304</run_address>
         <size>0x12</size>
         <input_file_ref idref="fl-a"/>
      </object_component>
      <object_component id="oc-126">
         <name>.text:PWMGenPeriodGet</name>
         <load_address>0x3316</load_address>
         <run_address>0x3316</run_address>
         <size>0x12</size>
         <input_file_ref idref="fl-c"/>
      </object_component>
      <object_component id="oc-114">
         <name>.text:PWMOutputState</name>
         <load_address>0x3328</load_address>
         <run_address>0x3328</run_address>
         <size>0x12</size>
         <input_file_ref idref="fl-c"/>
      </object_component>
      <object_component id="oc-95">
         <name>.text:TimerLoadSet</name>
         <load_address>0x333a</load_address>
         <run_address>0x333a</run_address>
         <size>0x12</size>
         <input_file_ref idref="fl-f"/>
      </object_component>
      <object_component id="oc-239">
         <name>.text:_inpchar</name>
         <load_address>0x334c</load_address>
         <run_address>0x334c</run_address>
         <size>0x12</size>
         <input_file_ref idref="fl-d2"/>
      </object_component>
      <object_component id="oc-4a">
         <name>.text:decompress:ZI:__TI_zero_init_nomemset:__TI_zero_init_nomemset</name>
         <load_address>0x335e</load_address>
         <run_address>0x335e</run_address>
         <size>0x12</size>
         <input_file_ref idref="fl-cb"/>
      </object_component>
      <object_component id="oc-a7">
         <name>.text:IntMasterEnable</name>
         <load_address>0x3370</load_address>
         <run_address>0x3370</run_address>
         <size>0x10</size>
         <input_file_ref idref="fl-b"/>
      </object_component>
      <object_component id="oc-d2">
         <name>.text:PWMGenPeriodSet</name>
         <load_address>0x3380</load_address>
         <run_address>0x3380</run_address>
         <size>0x10</size>
         <input_file_ref idref="fl-c"/>
      </object_component>
      <object_component id="oc-fc">
         <name>.text:QEIVelocityConfigure</name>
         <load_address>0x3390</load_address>
         <run_address>0x3390</run_address>
         <size>0x10</size>
         <input_file_ref idref="fl-d"/>
      </object_component>
      <object_component id="oc-f6">
         <name>.text:QEIConfigure</name>
         <load_address>0x33a0</load_address>
         <run_address>0x33a0</run_address>
         <size>0xe</size>
         <input_file_ref idref="fl-d"/>
      </object_component>
      <object_component id="oc-13e">
         <name>.text:QEIDirectionGet</name>
         <load_address>0x33ae</load_address>
         <run_address>0x33ae</run_address>
         <size>0xe</size>
         <input_file_ref idref="fl-d"/>
      </object_component>
      <object_component id="oc-ad">
         <name>.text:TimerEnable</name>
         <load_address>0x33bc</load_address>
         <run_address>0x33bc</run_address>
         <size>0xe</size>
         <input_file_ref idref="fl-f"/>
      </object_component>
      <object_component id="oc-18">
         <name>.text:decompress:none:__TI_decompress_none</name>
         <load_address>0x33ca</load_address>
         <run_address>0x33ca</run_address>
         <size>0xe</size>
         <input_file_ref idref="fl-cc"/>
      </object_component>
      <object_component id="oc-20a">
         <name>.text:CPUcpsie</name>
         <load_address>0x33d8</load_address>
         <run_address>0x33d8</run_address>
         <size>0xc</size>
         <input_file_ref idref="fl-11"/>
      </object_component>
      <object_component id="oc-11a">
         <name>.text:PWMGenDisable</name>
         <load_address>0x33e4</load_address>
         <run_address>0x33e4</run_address>
         <size>0xc</size>
         <input_file_ref idref="fl-c"/>
      </object_component>
      <object_component id="oc-132">
         <name>.text:PWMGenEnable</name>
         <load_address>0x33f0</load_address>
         <run_address>0x33f0</run_address>
         <size>0xc</size>
         <input_file_ref idref="fl-c"/>
      </object_component>
      <object_component id="oc-24">
         <name>.text</name>
         <load_address>0x33fc</load_address>
         <run_address>0x33fc</run_address>
         <size>0xc</size>
         <input_file_ref idref="fl-3"/>
      </object_component>
      <object_component id="oc-e4">
         <name>.text:QEIDisable</name>
         <load_address>0x3408</load_address>
         <run_address>0x3408</run_address>
         <size>0xa</size>
         <input_file_ref idref="fl-d"/>
      </object_component>
      <object_component id="oc-102">
         <name>.text:QEIEnable</name>
         <load_address>0x3412</load_address>
         <run_address>0x3412</run_address>
         <size>0xa</size>
         <input_file_ref idref="fl-d"/>
      </object_component>
      <object_component id="oc-f0">
         <name>.text:QEIIntDisable</name>
         <load_address>0x341c</load_address>
         <run_address>0x341c</run_address>
         <size>0xa</size>
         <input_file_ref idref="fl-d"/>
      </object_component>
      <object_component id="oc-ea">
         <name>.text:QEIVelocityDisable</name>
         <load_address>0x3426</load_address>
         <run_address>0x3426</run_address>
         <size>0xa</size>
         <input_file_ref idref="fl-d"/>
      </object_component>
      <object_component id="oc-10e">
         <name>.text:QEIVelocityEnable</name>
         <load_address>0x3430</load_address>
         <run_address>0x3430</run_address>
         <size>0xa</size>
         <input_file_ref idref="fl-d"/>
      </object_component>
      <object_component id="oc-1e3">
         <name>.text:UARTCharGet</name>
         <load_address>0x343a</load_address>
         <run_address>0x343a</run_address>
         <size>0xa</size>
         <input_file_ref idref="fl-10"/>
      </object_component>
      <object_component id="oc-1dd">
         <name>.text:UARTCharPut</name>
         <load_address>0x3444</load_address>
         <run_address>0x3444</run_address>
         <size>0xa</size>
         <input_file_ref idref="fl-10"/>
      </object_component>
      <object_component id="oc-a1">
         <name>.text:TimerIntEnable</name>
         <load_address>0x344e</load_address>
         <run_address>0x344e</run_address>
         <size>0x8</size>
         <input_file_ref idref="fl-f"/>
      </object_component>
      <object_component id="oc-35b">
         <name>.text:__aeabi_errno_addr</name>
         <load_address>0x3458</load_address>
         <run_address>0x3458</run_address>
         <size>0x8</size>
         <input_file_ref idref="fl-ec"/>
      </object_component>
      <object_component id="oc-23f">
         <name>.text:_uninpchar</name>
         <load_address>0x3460</load_address>
         <run_address>0x3460</run_address>
         <size>0x8</size>
         <input_file_ref idref="fl-d2"/>
      </object_component>
      <object_component id="oc-120">
         <name>.text:GPIOPinWrite</name>
         <load_address>0x3468</load_address>
         <run_address>0x3468</run_address>
         <size>0x6</size>
         <input_file_ref idref="fl-a"/>
      </object_component>
      <object_component id="oc-c5">
         <name>.text:SysCtlDelay</name>
         <load_address>0x346e</load_address>
         <run_address>0x346e</run_address>
         <size>0x6</size>
         <input_file_ref idref="fl-e"/>
      </object_component>
      <object_component id="oc-138">
         <name>.text:QEIPositionGet</name>
         <load_address>0x3474</load_address>
         <run_address>0x3474</run_address>
         <size>0x4</size>
         <input_file_ref idref="fl-d"/>
      </object_component>
      <object_component id="oc-108">
         <name>.text:QEIPositionSet</name>
         <load_address>0x3478</load_address>
         <run_address>0x3478</run_address>
         <size>0x4</size>
         <input_file_ref idref="fl-d"/>
      </object_component>
      <object_component id="oc-144">
         <name>.text:QEIVelocityGet</name>
         <load_address>0x347c</load_address>
         <run_address>0x347c</run_address>
         <size>0x4</size>
         <input_file_ref idref="fl-d"/>
      </object_component>
      <object_component id="oc-15e">
         <name>.text:TimerIntClear</name>
         <load_address>0x3480</load_address>
         <run_address>0x3480</run_address>
         <size>0x4</size>
         <input_file_ref idref="fl-f"/>
      </object_component>
      <object_component id="oc-1a8">
         <name>.text:_system_pre_init</name>
         <load_address>0x3484</load_address>
         <run_address>0x3484</run_address>
         <size>0x4</size>
         <input_file_ref idref="fl-d7"/>
      </object_component>
      <object_component id="oc-266">
         <name>.text:abort:abort</name>
         <load_address>0x3488</load_address>
         <run_address>0x3488</run_address>
         <size>0x4</size>
         <input_file_ref idref="fl-cf"/>
      </object_component>
      <object_component id="oc-302">
         <name>.const:.string:_ctypes_</name>
         <load_address>0x3490</load_address>
         <run_address>0x3490</run_address>
         <size>0x101</size>
         <input_file_ref idref="fl-db"/>
      </object_component>
      <object_component id="oc-1f7">
         <name>.const</name>
         <load_address>0x3594</load_address>
         <run_address>0x3594</run_address>
         <size>0x4</size>
         <input_file_ref idref="fl-4"/>
      </object_component>
      <object_component id="oc-375">
         <name>.const:$O1$$</name>
         <load_address>0x3598</load_address>
         <run_address>0x3598</run_address>
         <size>0xc8</size>
         <input_file_ref idref="fl-e0"/>
      </object_component>
      <object_component id="oc-1c1">
         <name>.const:g_pui32GPIOBaseAddrs</name>
         <load_address>0x3660</load_address>
         <run_address>0x3660</run_address>
         <size>0x90</size>
         <input_file_ref idref="fl-a"/>
      </object_component>
      <object_component id="oc-204">
         <name>.const</name>
         <load_address>0x36f0</load_address>
         <run_address>0x36f0</run_address>
         <size>0x70</size>
         <input_file_ref idref="fl-b"/>
      </object_component>
      <object_component id="oc-1c7">
         <name>.const:g_pui32Xtals</name>
         <load_address>0x3760</load_address>
         <run_address>0x3760</run_address>
         <size>0x6c</size>
         <input_file_ref idref="fl-e"/>
      </object_component>
      <object_component id="oc-2c9">
         <name>.const:.string</name>
         <load_address>0x37cc</load_address>
         <run_address>0x37cc</run_address>
         <size>0x12</size>
         <input_file_ref idref="fl-4"/>
      </object_component>
      <object_component id="oc-31d">
         <name>.const:$O1$$</name>
         <load_address>0x37e0</load_address>
         <run_address>0x37e0</run_address>
         <size>0x10</size>
         <input_file_ref idref="fl-d9"/>
      </object_component>
      <object_component id="oc-1ef">
         <name>.const:g_ui32UARTBase</name>
         <load_address>0x37f0</load_address>
         <run_address>0x37f0</run_address>
         <size>0xc</size>
         <input_file_ref idref="fl-4"/>
      </object_component>
      <object_component id="oc-1e9">
         <name>.const:g_ui32UARTPeriph</name>
         <load_address>0x37fc</load_address>
         <run_address>0x37fc</run_address>
         <size>0xc</size>
         <input_file_ref idref="fl-4"/>
      </object_component>
      <object_component id="oc-42a">
         <name>.cinit..data.load</name>
         <load_address>0x3808</load_address>
         <run_address>0x3808</run_address>
         <size>0x23</size>
      </object_component>
      <object_component id="oc-428">
         <name>__TI_handler_table</name>
         <load_address>0x382c</load_address>
         <run_address>0x382c</run_address>
         <size>0xc</size>
      </object_component>
      <object_component id="oc-42b">
         <name>.cinit..bss.load</name>
         <load_address>0x3838</load_address>
         <run_address>0x3838</run_address>
         <size>0x8</size>
      </object_component>
      <object_component id="oc-429">
         <name>__TI_cinit_table</name>
         <load_address>0x3840</load_address>
         <run_address>0x3840</run_address>
         <size>0x10</size>
      </object_component>
      <object_component id="oc-175">
         <name>.data</name>
         <load_address>0x20002710</load_address>
         <run_address>0x20002710</run_address>
         <size>0x40</size>
         <input_file_ref idref="fl-2"/>
      </object_component>
      <object_component id="oc-1ec">
         <name>.data</name>
         <load_address>0x20002750</load_address>
         <run_address>0x20002750</run_address>
         <size>0x5</size>
         <input_file_ref idref="fl-4"/>
      </object_component>
      <object_component id="oc-3bc">
         <name>.data</name>
         <load_address>0x20002758</load_address>
         <run_address>0x20002758</run_address>
         <size>0x4</size>
         <input_file_ref idref="fl-ec"/>
      </object_component>
      <object_component id="oc-173">
         <name>.common:Direction1</name>
         <uninitialized>true</uninitialized>
         <run_address>0x2000275c</run_address>
         <size>0x4</size>
      </object_component>
      <object_component id="oc-174">
         <name>.common:Velocity1</name>
         <uninitialized>true</uninitialized>
         <run_address>0x2000276c</run_address>
         <size>0x4</size>
      </object_component>
      <object_component id="oc-170">
         <name>.common:Position1</name>
         <uninitialized>true</uninitialized>
         <run_address>0x20002764</run_address>
         <size>0x4</size>
      </object_component>
      <object_component id="oc-179">
         <name>.common:Direction2</name>
         <uninitialized>true</uninitialized>
         <run_address>0x20002760</run_address>
         <size>0x4</size>
      </object_component>
      <object_component id="oc-17a">
         <name>.common:Velocity2</name>
         <uninitialized>true</uninitialized>
         <run_address>0x20002770</run_address>
         <size>0x4</size>
      </object_component>
      <object_component id="oc-178">
         <name>.common:Position2</name>
         <uninitialized>true</uninitialized>
         <run_address>0x20002768</run_address>
         <size>0x4</size>
      </object_component>
      <object_component id="oc-21">
         <name>.stack</name>
         <uninitialized>true</uninitialized>
         <run_address>0x20000000</run_address>
         <size>0x4</size>
         <input_file_ref idref="fl-ce"/>
      </object_component>
      <object_component id="oc-42c">
         <name>.stack</name>
         <uninitialized>true</uninitialized>
         <run_address>0x20000000</run_address>
         <size>0x0</size>
      </object_component>
      <object_component id="oc-171">
         <name>.debug_info</name>
         <load_address>0x0</load_address>
         <run_address>0x0</run_address>
         <size>0xbde</size>
         <input_file_ref idref="fl-2"/>
      </object_component>
      <object_component id="oc-176">
         <name>.debug_info</name>
         <load_address>0xbde</load_address>
         <run_address>0xbde</run_address>
         <size>0x1f4</size>
         <input_file_ref idref="fl-2"/>
      </object_component>
      <object_component id="oc-2b">
         <name>.debug_info</name>
         <load_address>0xdd2</load_address>
         <run_address>0xdd2</run_address>
         <size>0x12dd</size>
         <input_file_ref idref="fl-2"/>
      </object_component>
      <object_component id="oc-188">
         <name>.debug_info</name>
         <load_address>0x20af</load_address>
         <run_address>0x20af</run_address>
         <size>0x26b</size>
         <input_file_ref idref="fl-2"/>
      </object_component>
      <object_component id="oc-181">
         <name>.debug_info</name>
         <load_address>0x231a</load_address>
         <run_address>0x231a</run_address>
         <size>0x8b</size>
         <input_file_ref idref="fl-2"/>
      </object_component>
      <object_component id="oc-251">
         <name>.debug_info</name>
         <load_address>0x23a5</load_address>
         <run_address>0x23a5</run_address>
         <size>0x297</size>
         <input_file_ref idref="fl-2"/>
      </object_component>
      <object_component id="oc-17c">
         <name>.debug_info</name>
         <load_address>0x263c</load_address>
         <run_address>0x263c</run_address>
         <size>0xbb</size>
         <input_file_ref idref="fl-2"/>
      </object_component>
      <object_component id="oc-1fc">
         <name>.debug_info</name>
         <load_address>0x26f7</load_address>
         <run_address>0x26f7</run_address>
         <size>0x2c</size>
         <input_file_ref idref="fl-2"/>
      </object_component>
      <object_component id="oc-32">
         <name>.debug_info</name>
         <load_address>0x2723</load_address>
         <run_address>0x2723</run_address>
         <size>0x2e8</size>
         <input_file_ref idref="fl-3"/>
      </object_component>
      <object_component id="oc-10">
         <name>.debug_info</name>
         <load_address>0x2a0b</load_address>
         <run_address>0x2a0b</run_address>
         <size>0xff</size>
         <input_file_ref idref="fl-3"/>
      </object_component>
      <object_component id="oc-25">
         <name>.debug_info</name>
         <load_address>0x2b0a</load_address>
         <run_address>0x2b0a</run_address>
         <size>0x27b</size>
         <input_file_ref idref="fl-3"/>
      </object_component>
      <object_component id="oc-39">
         <name>.debug_info</name>
         <load_address>0x2d85</load_address>
         <run_address>0x2d85</run_address>
         <size>0x84</size>
         <input_file_ref idref="fl-3"/>
      </object_component>
      <object_component id="oc-1fb">
         <name>.debug_info</name>
         <load_address>0x2e09</load_address>
         <run_address>0x2e09</run_address>
         <size>0x3f4</size>
         <input_file_ref idref="fl-4"/>
      </object_component>
      <object_component id="oc-1ed">
         <name>.debug_info</name>
         <load_address>0x31fd</load_address>
         <run_address>0x31fd</run_address>
         <size>0xeb</size>
         <input_file_ref idref="fl-4"/>
      </object_component>
      <object_component id="oc-1f8">
         <name>.debug_info</name>
         <load_address>0x32e8</load_address>
         <run_address>0x32e8</run_address>
         <size>0xe5</size>
         <input_file_ref idref="fl-4"/>
      </object_component>
      <object_component id="oc-1f0">
         <name>.debug_info</name>
         <load_address>0x33cd</load_address>
         <run_address>0x33cd</run_address>
         <size>0xf3</size>
         <input_file_ref idref="fl-4"/>
      </object_component>
      <object_component id="oc-1ea">
         <name>.debug_info</name>
         <load_address>0x34c0</load_address>
         <run_address>0x34c0</run_address>
         <size>0xf7</size>
         <input_file_ref idref="fl-4"/>
      </object_component>
      <object_component id="oc-8a">
         <name>.debug_info</name>
         <load_address>0x35b7</load_address>
         <run_address>0x35b7</run_address>
         <size>0x772</size>
         <input_file_ref idref="fl-4"/>
      </object_component>
      <object_component id="oc-1c5">
         <name>.debug_info</name>
         <load_address>0x3d29</load_address>
         <run_address>0x3d29</run_address>
         <size>0x240</size>
         <input_file_ref idref="fl-a"/>
      </object_component>
      <object_component id="oc-1c2">
         <name>.debug_info</name>
         <load_address>0x3f69</load_address>
         <run_address>0x3f69</run_address>
         <size>0x15b</size>
         <input_file_ref idref="fl-a"/>
      </object_component>
      <object_component id="oc-121">
         <name>.debug_info</name>
         <load_address>0x40c4</load_address>
         <run_address>0x40c4</run_address>
         <size>0x2a3</size>
         <input_file_ref idref="fl-a"/>
      </object_component>
      <object_component id="oc-b4">
         <name>.debug_info</name>
         <load_address>0x4367</load_address>
         <run_address>0x4367</run_address>
         <size>0x2b3</size>
         <input_file_ref idref="fl-a"/>
      </object_component>
      <object_component id="oc-ba">
         <name>.debug_info</name>
         <load_address>0x461a</load_address>
         <run_address>0x461a</run_address>
         <size>0x316</size>
         <input_file_ref idref="fl-a"/>
      </object_component>
      <object_component id="oc-7e">
         <name>.debug_info</name>
         <load_address>0x4930</load_address>
         <run_address>0x4930</run_address>
         <size>0x27b</size>
         <input_file_ref idref="fl-a"/>
      </object_component>
      <object_component id="oc-df">
         <name>.debug_info</name>
         <load_address>0x4bab</load_address>
         <run_address>0x4bab</run_address>
         <size>0x279</size>
         <input_file_ref idref="fl-a"/>
      </object_component>
      <object_component id="oc-c7">
         <name>.debug_info</name>
         <load_address>0x4e24</load_address>
         <run_address>0x4e24</run_address>
         <size>0x279</size>
         <input_file_ref idref="fl-a"/>
      </object_component>
      <object_component id="oc-d9">
         <name>.debug_info</name>
         <load_address>0x509d</load_address>
         <run_address>0x509d</run_address>
         <size>0x2b7</size>
         <input_file_ref idref="fl-a"/>
      </object_component>
      <object_component id="oc-78">
         <name>.debug_info</name>
         <load_address>0x5354</load_address>
         <run_address>0x5354</run_address>
         <size>0x280</size>
         <input_file_ref idref="fl-a"/>
      </object_component>
      <object_component id="oc-1bb">
         <name>.debug_info</name>
         <load_address>0x55d4</load_address>
         <run_address>0x55d4</run_address>
         <size>0x18b</size>
         <input_file_ref idref="fl-a"/>
      </object_component>
      <object_component id="oc-208">
         <name>.debug_info</name>
         <load_address>0x575f</load_address>
         <run_address>0x575f</run_address>
         <size>0x20e</size>
         <input_file_ref idref="fl-b"/>
      </object_component>
      <object_component id="oc-205">
         <name>.debug_info</name>
         <load_address>0x596d</load_address>
         <run_address>0x596d</run_address>
         <size>0x210</size>
         <input_file_ref idref="fl-b"/>
      </object_component>
      <object_component id="oc-aa">
         <name>.debug_info</name>
         <load_address>0x5b7d</load_address>
         <run_address>0x5b7d</run_address>
         <size>0x23e</size>
         <input_file_ref idref="fl-b"/>
      </object_component>
      <object_component id="oc-9e">
         <name>.debug_info</name>
         <load_address>0x5dbb</load_address>
         <run_address>0x5dbb</run_address>
         <size>0x268</size>
         <input_file_ref idref="fl-b"/>
      </object_component>
      <object_component id="oc-217">
         <name>.debug_info</name>
         <load_address>0x6023</load_address>
         <run_address>0x6023</run_address>
         <size>0x1ed</size>
         <input_file_ref idref="fl-c"/>
      </object_component>
      <object_component id="oc-12e">
         <name>.debug_info</name>
         <load_address>0x6210</load_address>
         <run_address>0x6210</run_address>
         <size>0x2f6</size>
         <input_file_ref idref="fl-c"/>
      </object_component>
      <object_component id="oc-116">
         <name>.debug_info</name>
         <load_address>0x6506</load_address>
         <run_address>0x6506</run_address>
         <size>0x2c4</size>
         <input_file_ref idref="fl-c"/>
      </object_component>
      <object_component id="oc-d4">
         <name>.debug_info</name>
         <load_address>0x67ca</load_address>
         <run_address>0x67ca</run_address>
         <size>0x2b6</size>
         <input_file_ref idref="fl-c"/>
      </object_component>
      <object_component id="oc-128">
         <name>.debug_info</name>
         <load_address>0x6a80</load_address>
         <run_address>0x6a80</run_address>
         <size>0x280</size>
         <input_file_ref idref="fl-c"/>
      </object_component>
      <object_component id="oc-134">
         <name>.debug_info</name>
         <load_address>0x6d00</load_address>
         <run_address>0x6d00</run_address>
         <size>0x276</size>
         <input_file_ref idref="fl-c"/>
      </object_component>
      <object_component id="oc-11c">
         <name>.debug_info</name>
         <load_address>0x6f76</load_address>
         <run_address>0x6f76</run_address>
         <size>0x278</size>
         <input_file_ref idref="fl-c"/>
      </object_component>
      <object_component id="oc-cf">
         <name>.debug_info</name>
         <load_address>0x71ee</load_address>
         <run_address>0x71ee</run_address>
         <size>0x2b3</size>
         <input_file_ref idref="fl-c"/>
      </object_component>
      <object_component id="oc-21c">
         <name>.debug_info</name>
         <load_address>0x74a1</load_address>
         <run_address>0x74a1</run_address>
         <size>0x1e8</size>
         <input_file_ref idref="fl-d"/>
      </object_component>
      <object_component id="oc-145">
         <name>.debug_info</name>
         <load_address>0x7689</load_address>
         <run_address>0x7689</run_address>
         <size>0x250</size>
         <input_file_ref idref="fl-d"/>
      </object_component>
      <object_component id="oc-10f">
         <name>.debug_info</name>
         <load_address>0x78d9</load_address>
         <run_address>0x78d9</run_address>
         <size>0x252</size>
         <input_file_ref idref="fl-d"/>
      </object_component>
      <object_component id="oc-eb">
         <name>.debug_info</name>
         <load_address>0x7b2b</load_address>
         <run_address>0x7b2b</run_address>
         <size>0x254</size>
         <input_file_ref idref="fl-d"/>
      </object_component>
      <object_component id="oc-fd">
         <name>.debug_info</name>
         <load_address>0x7d7f</load_address>
         <run_address>0x7d7f</run_address>
         <size>0x2cc</size>
         <input_file_ref idref="fl-d"/>
      </object_component>
      <object_component id="oc-10a">
         <name>.debug_info</name>
         <load_address>0x804b</load_address>
         <run_address>0x804b</run_address>
         <size>0x28b</size>
         <input_file_ref idref="fl-d"/>
      </object_component>
      <object_component id="oc-13a">
         <name>.debug_info</name>
         <load_address>0x82d6</load_address>
         <run_address>0x82d6</run_address>
         <size>0x24d</size>
         <input_file_ref idref="fl-d"/>
      </object_component>
      <object_component id="oc-f1">
         <name>.debug_info</name>
         <load_address>0x8523</load_address>
         <run_address>0x8523</run_address>
         <size>0x28c</size>
         <input_file_ref idref="fl-d"/>
      </object_component>
      <object_component id="oc-103">
         <name>.debug_info</name>
         <load_address>0x87af</load_address>
         <run_address>0x87af</run_address>
         <size>0x23f</size>
         <input_file_ref idref="fl-d"/>
      </object_component>
      <object_component id="oc-e5">
         <name>.debug_info</name>
         <load_address>0x89ee</load_address>
         <run_address>0x89ee</run_address>
         <size>0x241</size>
         <input_file_ref idref="fl-d"/>
      </object_component>
      <object_component id="oc-13f">
         <name>.debug_info</name>
         <load_address>0x8c2f</load_address>
         <run_address>0x8c2f</run_address>
         <size>0x24f</size>
         <input_file_ref idref="fl-d"/>
      </object_component>
      <object_component id="oc-f7">
         <name>.debug_info</name>
         <load_address>0x8e7e</load_address>
         <run_address>0x8e7e</run_address>
         <size>0x2cd</size>
         <input_file_ref idref="fl-d"/>
      </object_component>
      <object_component id="oc-1c0">
         <name>.debug_info</name>
         <load_address>0x914b</load_address>
         <run_address>0x914b</run_address>
         <size>0x298</size>
         <input_file_ref idref="fl-e"/>
      </object_component>
      <object_component id="oc-1c8">
         <name>.debug_info</name>
         <load_address>0x93e3</load_address>
         <run_address>0x93e3</run_address>
         <size>0x14d</size>
         <input_file_ref idref="fl-e"/>
      </object_component>
      <object_component id="oc-1cd">
         <name>.debug_info</name>
         <load_address>0x9530</load_address>
         <run_address>0x9530</run_address>
         <size>0x283</size>
         <input_file_ref idref="fl-e"/>
      </object_component>
      <object_component id="oc-73">
         <name>.debug_info</name>
         <load_address>0x97b3</load_address>
         <run_address>0x97b3</run_address>
         <size>0x27d</size>
         <input_file_ref idref="fl-e"/>
      </object_component>
      <object_component id="oc-c1">
         <name>.debug_info</name>
         <load_address>0x9a30</load_address>
         <run_address>0x9a30</run_address>
         <size>0x263</size>
         <input_file_ref idref="fl-e"/>
      </object_component>
      <object_component id="oc-166">
         <name>.debug_info</name>
         <load_address>0x9c93</load_address>
         <run_address>0x9c93</run_address>
         <size>0x2db</size>
         <input_file_ref idref="fl-e"/>
      </object_component>
      <object_component id="oc-85">
         <name>.debug_info</name>
         <load_address>0x9f6e</load_address>
         <run_address>0x9f6e</run_address>
         <size>0x2b5</size>
         <input_file_ref idref="fl-e"/>
      </object_component>
      <object_component id="oc-2a6">
         <name>.debug_info</name>
         <load_address>0xa223</load_address>
         <run_address>0xa223</run_address>
         <size>0x5f</size>
         <input_file_ref idref="fl-e"/>
      </object_component>
      <object_component id="oc-202">
         <name>.debug_info</name>
         <load_address>0xa282</load_address>
         <run_address>0xa282</run_address>
         <size>0x223</size>
         <input_file_ref idref="fl-f"/>
      </object_component>
      <object_component id="oc-96">
         <name>.debug_info</name>
         <load_address>0xa4a5</load_address>
         <run_address>0xa4a5</run_address>
         <size>0x2ba</size>
         <input_file_ref idref="fl-f"/>
      </object_component>
      <object_component id="oc-a2">
         <name>.debug_info</name>
         <load_address>0xa75f</load_address>
         <run_address>0xa75f</run_address>
         <size>0x294</size>
         <input_file_ref idref="fl-f"/>
      </object_component>
      <object_component id="oc-15f">
         <name>.debug_info</name>
         <load_address>0xa9f3</load_address>
         <run_address>0xa9f3</run_address>
         <size>0x292</size>
         <input_file_ref idref="fl-f"/>
      </object_component>
      <object_component id="oc-ae">
         <name>.debug_info</name>
         <load_address>0xac85</load_address>
         <run_address>0xac85</run_address>
         <size>0x27f</size>
         <input_file_ref idref="fl-f"/>
      </object_component>
      <object_component id="oc-90">
         <name>.debug_info</name>
         <load_address>0xaf04</load_address>
         <run_address>0xaf04</run_address>
         <size>0x28c</size>
         <input_file_ref idref="fl-f"/>
      </object_component>
      <object_component id="oc-2b9">
         <name>.debug_info</name>
         <load_address>0xb190</load_address>
         <run_address>0xb190</run_address>
         <size>0x227</size>
         <input_file_ref idref="fl-10"/>
      </object_component>
      <object_component id="oc-1d8">
         <name>.debug_info</name>
         <load_address>0xb3b7</load_address>
         <run_address>0xb3b7</run_address>
         <size>0x247</size>
         <input_file_ref idref="fl-10"/>
      </object_component>
      <object_component id="oc-2b3">
         <name>.debug_info</name>
         <load_address>0xb5fe</load_address>
         <run_address>0xb5fe</run_address>
         <size>0x249</size>
         <input_file_ref idref="fl-10"/>
      </object_component>
      <object_component id="oc-1d2">
         <name>.debug_info</name>
         <load_address>0xb847</load_address>
         <run_address>0xb847</run_address>
         <size>0x326</size>
         <input_file_ref idref="fl-10"/>
      </object_component>
      <object_component id="oc-1de">
         <name>.debug_info</name>
         <load_address>0xbb6d</load_address>
         <run_address>0xbb6d</run_address>
         <size>0x273</size>
         <input_file_ref idref="fl-10"/>
      </object_component>
      <object_component id="oc-1e4">
         <name>.debug_info</name>
         <load_address>0xbde0</load_address>
         <run_address>0xbde0</run_address>
         <size>0x24d</size>
         <input_file_ref idref="fl-10"/>
      </object_component>
      <object_component id="oc-20b">
         <name>.debug_info</name>
         <load_address>0xc02d</load_address>
         <run_address>0xc02d</run_address>
         <size>0x212</size>
         <input_file_ref idref="fl-11"/>
      </object_component>
      <object_component id="oc-1f3">
         <name>.debug_info</name>
         <load_address>0xc23f</load_address>
         <run_address>0xc23f</run_address>
         <size>0x13a</size>
         <input_file_ref idref="fl-c7"/>
      </object_component>
      <object_component id="oc-15a">
         <name>.debug_info</name>
         <load_address>0xc379</load_address>
         <run_address>0xc379</run_address>
         <size>0x120</size>
         <input_file_ref idref="fl-c8"/>
      </object_component>
      <object_component id="oc-155">
         <name>.debug_info</name>
         <load_address>0xc499</load_address>
         <run_address>0xc499</run_address>
         <size>0x122</size>
         <input_file_ref idref="fl-c8"/>
      </object_component>
      <object_component id="oc-150">
         <name>.debug_info</name>
         <load_address>0xc5bb</load_address>
         <run_address>0xc5bb</run_address>
         <size>0x132</size>
         <input_file_ref idref="fl-c9"/>
      </object_component>
      <object_component id="oc-14b">
         <name>.debug_info</name>
         <load_address>0xc6ed</load_address>
         <run_address>0xc6ed</run_address>
         <size>0x124</size>
         <input_file_ref idref="fl-ca"/>
      </object_component>
      <object_component id="oc-1a1">
         <name>.debug_info</name>
         <load_address>0xc811</load_address>
         <run_address>0xc811</run_address>
         <size>0x313</size>
         <input_file_ref idref="fl-cb"/>
      </object_component>
      <object_component id="oc-4b">
         <name>.debug_info</name>
         <load_address>0xcb24</load_address>
         <run_address>0xcb24</run_address>
         <size>0x1b4</size>
         <input_file_ref idref="fl-cb"/>
      </object_component>
      <object_component id="oc-19c">
         <name>.debug_info</name>
         <load_address>0xccd8</load_address>
         <run_address>0xccd8</run_address>
         <size>0x46</size>
         <input_file_ref idref="fl-cb"/>
      </object_component>
      <object_component id="oc-25d">
         <name>.debug_info</name>
         <load_address>0xcd1e</load_address>
         <run_address>0xcd1e</run_address>
         <size>0x2c</size>
         <input_file_ref idref="fl-cb"/>
      </object_component>
      <object_component id="oc-49">
         <name>.debug_info</name>
         <load_address>0xcd4a</load_address>
         <run_address>0xcd4a</run_address>
         <size>0x29d</size>
         <input_file_ref idref="fl-cc"/>
      </object_component>
      <object_component id="oc-1b">
         <name>.debug_info</name>
         <load_address>0xcfe7</load_address>
         <run_address>0xcfe7</run_address>
         <size>0x1df</size>
         <input_file_ref idref="fl-cc"/>
      </object_component>
      <object_component id="oc-44">
         <name>.debug_info</name>
         <load_address>0xd1c6</load_address>
         <run_address>0xd1c6</run_address>
         <size>0x46</size>
         <input_file_ref idref="fl-cc"/>
      </object_component>
      <object_component id="oc-194">
         <name>.debug_info</name>
         <load_address>0xd20c</load_address>
         <run_address>0xd20c</run_address>
         <size>0x2c</size>
         <input_file_ref idref="fl-cc"/>
      </object_component>
      <object_component id="oc-192">
         <name>.debug_info</name>
         <load_address>0xd238</load_address>
         <run_address>0xd238</run_address>
         <size>0x293</size>
         <input_file_ref idref="fl-cd"/>
      </object_component>
      <object_component id="oc-15">
         <name>.debug_info</name>
         <load_address>0xd4cb</load_address>
         <run_address>0xd4cb</run_address>
         <size>0x245</size>
         <input_file_ref idref="fl-cd"/>
      </object_component>
      <object_component id="oc-34">
         <name>.debug_info</name>
         <load_address>0xd710</load_address>
         <run_address>0xd710</run_address>
         <size>0x60</size>
         <input_file_ref idref="fl-cd"/>
      </object_component>
      <object_component id="oc-256">
         <name>.debug_info</name>
         <load_address>0xd770</load_address>
         <run_address>0xd770</run_address>
         <size>0x46</size>
         <input_file_ref idref="fl-cd"/>
      </object_component>
      <object_component id="oc-18d">
         <name>.debug_info</name>
         <load_address>0xd7b6</load_address>
         <run_address>0xd7b6</run_address>
         <size>0x39</size>
         <input_file_ref idref="fl-cd"/>
      </object_component>
      <object_component id="oc-22">
         <name>.debug_info</name>
         <load_address>0xd7ef</load_address>
         <run_address>0xd7ef</run_address>
         <size>0x100</size>
         <input_file_ref idref="fl-ce"/>
      </object_component>
      <object_component id="oc-5d">
         <name>.debug_info</name>
         <load_address>0xd8ef</load_address>
         <run_address>0xd8ef</run_address>
         <size>0x1a4</size>
         <input_file_ref idref="fl-ce"/>
      </object_component>
      <object_component id="oc-267">
         <name>.debug_info</name>
         <load_address>0xda93</load_address>
         <run_address>0xda93</run_address>
         <size>0x117</size>
         <input_file_ref idref="fl-cf"/>
      </object_component>
      <object_component id="oc-24c">
         <name>.debug_info</name>
         <load_address>0xdbaa</load_address>
         <run_address>0xdbaa</run_address>
         <size>0x393</size>
         <input_file_ref idref="fl-d2"/>
      </object_component>
      <object_component id="oc-16c">
         <name>.debug_info</name>
         <load_address>0xdf3d</load_address>
         <run_address>0xdf3d</run_address>
         <size>0x173</size>
         <input_file_ref idref="fl-d2"/>
      </object_component>
      <object_component id="oc-242">
         <name>.debug_info</name>
         <load_address>0xe0b0</load_address>
         <run_address>0xe0b0</run_address>
         <size>0x166</size>
         <input_file_ref idref="fl-d2"/>
      </object_component>
      <object_component id="oc-23b">
         <name>.debug_info</name>
         <load_address>0xe216</load_address>
         <run_address>0xe216</run_address>
         <size>0x173</size>
         <input_file_ref idref="fl-d2"/>
      </object_component>
      <object_component id="oc-247">
         <name>.debug_info</name>
         <load_address>0xe389</load_address>
         <run_address>0xe389</run_address>
         <size>0x1d3</size>
         <input_file_ref idref="fl-d2"/>
      </object_component>
      <object_component id="oc-2c4">
         <name>.debug_info</name>
         <load_address>0xe55c</load_address>
         <run_address>0xe55c</run_address>
         <size>0x10d</size>
         <input_file_ref idref="fl-d3"/>
      </object_component>
      <object_component id="oc-1a5">
         <name>.debug_info</name>
         <load_address>0xe669</load_address>
         <run_address>0xe669</run_address>
         <size>0x13f</size>
         <input_file_ref idref="fl-d4"/>
      </object_component>
      <object_component id="oc-3f">
         <name>.debug_info</name>
         <load_address>0xe7a8</load_address>
         <run_address>0xe7a8</run_address>
         <size>0x111</size>
         <input_file_ref idref="fl-d5"/>
      </object_component>
      <object_component id="oc-336">
         <name>.debug_info</name>
         <load_address>0xe8b9</load_address>
         <run_address>0xe8b9</run_address>
         <size>0x547</size>
         <input_file_ref idref="fl-d6"/>
      </object_component>
      <object_component id="oc-273">
         <name>.debug_info</name>
         <load_address>0xee00</load_address>
         <run_address>0xee00</run_address>
         <size>0x19b</size>
         <input_file_ref idref="fl-d6"/>
      </object_component>
      <object_component id="oc-3a7">
         <name>.debug_info</name>
         <load_address>0xef9b</load_address>
         <run_address>0xef9b</run_address>
         <size>0x39</size>
         <input_file_ref idref="fl-d6"/>
      </object_component>
      <object_component id="oc-3e9">
         <name>.debug_info</name>
         <load_address>0xefd4</load_address>
         <run_address>0xefd4</run_address>
         <size>0x39</size>
         <input_file_ref idref="fl-d6"/>
      </object_component>
      <object_component id="oc-3ac">
         <name>.debug_info</name>
         <load_address>0xf00d</load_address>
         <run_address>0xf00d</run_address>
         <size>0x39</size>
         <input_file_ref idref="fl-d6"/>
      </object_component>
      <object_component id="oc-3b1">
         <name>.debug_info</name>
         <load_address>0xf046</load_address>
         <run_address>0xf046</run_address>
         <size>0xcd</size>
         <input_file_ref idref="fl-d6"/>
      </object_component>
      <object_component id="oc-1a9">
         <name>.debug_info</name>
         <load_address>0xf113</load_address>
         <run_address>0xf113</run_address>
         <size>0x148</size>
         <input_file_ref idref="fl-d7"/>
      </object_component>
      <object_component id="oc-31f">
         <name>.debug_info</name>
         <load_address>0xf25b</load_address>
         <run_address>0xf25b</run_address>
         <size>0x862</size>
         <input_file_ref idref="fl-d9"/>
      </object_component>
      <object_component id="oc-237">
         <name>.debug_info</name>
         <load_address>0xfabd</load_address>
         <run_address>0xfabd</run_address>
         <size>0x978</size>
         <input_file_ref idref="fl-d9"/>
      </object_component>
      <object_component id="oc-321">
         <name>.debug_info</name>
         <load_address>0x10435</load_address>
         <run_address>0x10435</run_address>
         <size>0x9a</size>
         <input_file_ref idref="fl-d9"/>
      </object_component>
      <object_component id="oc-392">
         <name>.debug_info</name>
         <load_address>0x104cf</load_address>
         <run_address>0x104cf</run_address>
         <size>0x39</size>
         <input_file_ref idref="fl-d9"/>
      </object_component>
      <object_component id="oc-38d">
         <name>.debug_info</name>
         <load_address>0x10508</load_address>
         <run_address>0x10508</run_address>
         <size>0x2c</size>
         <input_file_ref idref="fl-d9"/>
      </object_component>
      <object_component id="oc-386">
         <name>.debug_info</name>
         <load_address>0x10534</load_address>
         <run_address>0x10534</run_address>
         <size>0x2ae</size>
         <input_file_ref idref="fl-da"/>
      </object_component>
      <object_component id="oc-30f">
         <name>.debug_info</name>
         <load_address>0x107e2</load_address>
         <run_address>0x107e2</run_address>
         <size>0x171</size>
         <input_file_ref idref="fl-da"/>
      </object_component>
      <object_component id="oc-382">
         <name>.debug_info</name>
         <load_address>0x10953</load_address>
         <run_address>0x10953</run_address>
         <size>0xee</size>
         <input_file_ref idref="fl-db"/>
      </object_component>
      <object_component id="oc-303">
         <name>.debug_info</name>
         <load_address>0x10a41</load_address>
         <run_address>0x10a41</run_address>
         <size>0xfa</size>
         <input_file_ref idref="fl-db"/>
      </object_component>
      <object_component id="oc-38a">
         <name>.debug_info</name>
         <load_address>0x10b3b</load_address>
         <run_address>0x10b3b</run_address>
         <size>0x28f</size>
         <input_file_ref idref="fl-dc"/>
      </object_component>
      <object_component id="oc-318">
         <name>.debug_info</name>
         <load_address>0x10dca</load_address>
         <run_address>0x10dca</run_address>
         <size>0x247</size>
         <input_file_ref idref="fl-dc"/>
      </object_component>
      <object_component id="oc-350">
         <name>.debug_info</name>
         <load_address>0x11011</load_address>
         <run_address>0x11011</run_address>
         <size>0x299</size>
         <input_file_ref idref="fl-dd"/>
      </object_component>
      <object_component id="oc-2db">
         <name>.debug_info</name>
         <load_address>0x112aa</load_address>
         <run_address>0x112aa</run_address>
         <size>0x231</size>
         <input_file_ref idref="fl-dd"/>
      </object_component>
      <object_component id="oc-384">
         <name>.debug_info</name>
         <load_address>0x114db</load_address>
         <run_address>0x114db</run_address>
         <size>0x284</size>
         <input_file_ref idref="fl-de"/>
      </object_component>
      <object_component id="oc-306">
         <name>.debug_info</name>
         <load_address>0x1175f</load_address>
         <run_address>0x1175f</run_address>
         <size>0x22a</size>
         <input_file_ref idref="fl-de"/>
      </object_component>
      <object_component id="oc-388">
         <name>.debug_info</name>
         <load_address>0x11989</load_address>
         <run_address>0x11989</run_address>
         <size>0x28b</size>
         <input_file_ref idref="fl-df"/>
      </object_component>
      <object_component id="oc-312">
         <name>.debug_info</name>
         <load_address>0x11c14</load_address>
         <run_address>0x11c14</run_address>
         <size>0x24a</size>
         <input_file_ref idref="fl-df"/>
      </object_component>
      <object_component id="oc-379">
         <name>.debug_info</name>
         <load_address>0x11e5e</load_address>
         <run_address>0x11e5e</run_address>
         <size>0x3cf</size>
         <input_file_ref idref="fl-e0"/>
      </object_component>
      <object_component id="oc-376">
         <name>.debug_info</name>
         <load_address>0x1222d</load_address>
         <run_address>0x1222d</run_address>
         <size>0x118</size>
         <input_file_ref idref="fl-e0"/>
      </object_component>
      <object_component id="oc-2ec">
         <name>.debug_info</name>
         <load_address>0x12345</load_address>
         <run_address>0x12345</run_address>
         <size>0x4d5</size>
         <input_file_ref idref="fl-e0"/>
      </object_component>
      <object_component id="oc-37d">
         <name>.debug_info</name>
         <load_address>0x1281a</load_address>
         <run_address>0x1281a</run_address>
         <size>0x316</size>
         <input_file_ref idref="fl-e1"/>
      </object_component>
      <object_component id="oc-2f8">
         <name>.debug_info</name>
         <load_address>0x12b30</load_address>
         <run_address>0x12b30</run_address>
         <size>0x280</size>
         <input_file_ref idref="fl-e1"/>
      </object_component>
      <object_component id="oc-37f">
         <name>.debug_info</name>
         <load_address>0x12db0</load_address>
         <run_address>0x12db0</run_address>
         <size>0x317</size>
         <input_file_ref idref="fl-e2"/>
      </object_component>
      <object_component id="oc-2ff">
         <name>.debug_info</name>
         <load_address>0x130c7</load_address>
         <run_address>0x130c7</run_address>
         <size>0x2c4</size>
         <input_file_ref idref="fl-e2"/>
      </object_component>
      <object_component id="oc-364">
         <name>.debug_info</name>
         <load_address>0x1338b</load_address>
         <run_address>0x1338b</run_address>
         <size>0x317</size>
         <input_file_ref idref="fl-e3"/>
      </object_component>
      <object_component id="oc-2e8">
         <name>.debug_info</name>
         <load_address>0x136a2</load_address>
         <run_address>0x136a2</run_address>
         <size>0x226</size>
         <input_file_ref idref="fl-e3"/>
      </object_component>
      <object_component id="oc-362">
         <name>.debug_info</name>
         <load_address>0x138c8</load_address>
         <run_address>0x138c8</run_address>
         <size>0x318</size>
         <input_file_ref idref="fl-e4"/>
      </object_component>
      <object_component id="oc-2e0">
         <name>.debug_info</name>
         <load_address>0x13be0</load_address>
         <run_address>0x13be0</run_address>
         <size>0x249</size>
         <input_file_ref idref="fl-e4"/>
      </object_component>
      <object_component id="oc-3ce">
         <name>.debug_info</name>
         <load_address>0x13e29</load_address>
         <run_address>0x13e29</run_address>
         <size>0x2f2</size>
         <input_file_ref idref="fl-e5"/>
      </object_component>
      <object_component id="oc-371">
         <name>.debug_info</name>
         <load_address>0x1411b</load_address>
         <run_address>0x1411b</run_address>
         <size>0x21a</size>
         <input_file_ref idref="fl-e5"/>
      </object_component>
      <object_component id="oc-3fc">
         <name>.debug_info</name>
         <load_address>0x14335</load_address>
         <run_address>0x14335</run_address>
         <size>0x39</size>
         <input_file_ref idref="fl-e5"/>
      </object_component>
      <object_component id="oc-3cf">
         <name>.debug_info</name>
         <load_address>0x1436e</load_address>
         <run_address>0x1436e</run_address>
         <size>0x2c</size>
         <input_file_ref idref="fl-e5"/>
      </object_component>
      <object_component id="oc-3c8">
         <name>.debug_info</name>
         <load_address>0x1439a</load_address>
         <run_address>0x1439a</run_address>
         <size>0x156</size>
         <input_file_ref idref="fl-e6"/>
      </object_component>
      <object_component id="oc-367">
         <name>.debug_info</name>
         <load_address>0x144f0</load_address>
         <run_address>0x144f0</run_address>
         <size>0x144</size>
         <input_file_ref idref="fl-e7"/>
      </object_component>
      <object_component id="oc-36b">
         <name>.debug_info</name>
         <load_address>0x14634</load_address>
         <run_address>0x14634</run_address>
         <size>0x132</size>
         <input_file_ref idref="fl-e8"/>
      </object_component>
      <object_component id="oc-2f2">
         <name>.debug_info</name>
         <load_address>0x14766</load_address>
         <run_address>0x14766</run_address>
         <size>0x136</size>
         <input_file_ref idref="fl-e9"/>
      </object_component>
      <object_component id="oc-354">
         <name>.debug_info</name>
         <load_address>0x1489c</load_address>
         <run_address>0x1489c</run_address>
         <size>0x11a</size>
         <input_file_ref idref="fl-ea"/>
      </object_component>
      <object_component id="oc-357">
         <name>.debug_info</name>
         <load_address>0x149b6</load_address>
         <run_address>0x149b6</run_address>
         <size>0x12c</size>
         <input_file_ref idref="fl-eb"/>
      </object_component>
      <object_component id="oc-3c0">
         <name>.debug_info</name>
         <load_address>0x14ae2</load_address>
         <run_address>0x14ae2</run_address>
         <size>0x27e</size>
         <input_file_ref idref="fl-ec"/>
      </object_component>
      <object_component id="oc-3bd">
         <name>.debug_info</name>
         <load_address>0x14d60</load_address>
         <run_address>0x14d60</run_address>
         <size>0x103</size>
         <input_file_ref idref="fl-ec"/>
      </object_component>
      <object_component id="oc-35d">
         <name>.debug_info</name>
         <load_address>0x14e63</load_address>
         <run_address>0x14e63</run_address>
         <size>0x143</size>
         <input_file_ref idref="fl-ec"/>
      </object_component>
      <object_component id="oc-42d">
         <name>.debug_info</name>
         <load_address>0x14fa6</load_address>
         <run_address>0x14fa6</run_address>
         <size>0xb5</size>
      </object_component>
      <object_component id="oc-24e">
         <name>.debug_line</name>
         <load_address>0x0</load_address>
         <run_address>0x0</run_address>
         <size>0x164</size>
         <input_file_ref idref="fl-2"/>
      </object_component>
      <object_component id="oc-250">
         <name>.debug_line</name>
         <load_address>0x164</load_address>
         <run_address>0x164</run_address>
         <size>0x39</size>
         <input_file_ref idref="fl-2"/>
      </object_component>
      <object_component id="oc-2e">
         <name>.debug_line</name>
         <load_address>0x19d</load_address>
         <run_address>0x19d</run_address>
         <size>0x2a6</size>
         <input_file_ref idref="fl-2"/>
      </object_component>
      <object_component id="oc-18b">
[...]
         <name>u2</name>
         <value>0x20002740</value>
         <object_component_ref idref="oc-175"/>
      </symbol>
      <symbol id="sm-c7">
         <name>u1</name>
         <value>0x20002728</value>
         <object_component_ref idref="oc-175"/>
      </symbol>
      <symbol id="sm-c8">
         <name>ConfigureMotor1PWM</name>
         <value>0xdfb</value>
         <object_component_ref idref="oc-2a"/>
      </symbol>
      <symbol id="sm-c9">
         <name>main</name>
         <value>0x12b1</value>
         <object_component_ref idref="oc-2a"/>
      </symbol>
      <symbol id="sm-ca">
         <name>ConfigureUART</name>
         <value>0xd5d</value>
         <object_component_ref idref="oc-2a"/>
      </symbol>
      <symbol id="sm-cb">
         <name>ConfigureSW1</name>
         <value>0xddb</value>
         <object_component_ref idref="oc-2a"/>
      </symbol>
      <symbol id="sm-cc">
         <name>ConfigureMotor1QEI</name>
         <value>0xec3</value>
         <object_component_ref idref="oc-2a"/>
      </symbol>
      <symbol id="sm-cd">
         <name>ConfigureTimer0</name>
         <value>0xd95</value>
         <object_component_ref idref="oc-2a"/>
      </symbol>
      <symbol id="sm-ce">
         <name>error1</name>
         <value>0x20002718</value>
         <object_component_ref idref="oc-175"/>
      </symbol>
      <symbol id="sm-cf">
         <name>error2</name>
         <value>0x20002730</value>
         <object_component_ref idref="oc-175"/>
      </symbol>
      <symbol id="sm-d0">
         <name>ConfigureMotor2DirectionPin</name>
         <value>0xeb1</value>
         <object_component_ref idref="oc-2a"/>
      </symbol>
      <symbol id="sm-d1">
         <name>planning_counter</name>
         <value>0x20002748</value>
         <object_component_ref idref="oc-175"/>
      </symbol>
      <symbol id="sm-d2">
         <name>Kp2</name>
         <value>0x20002738</value>
         <object_component_ref idref="oc-175"/>
      </symbol>
      <symbol id="sm-d3">
         <name>Kp1</name>
         <value>0x20002720</value>
         <object_component_ref idref="oc-175"/>
      </symbol>
      <symbol id="sm-d4">
         <name>Timer0IntHandler</name>
         <value>0x1255</value>
         <object_component_ref idref="oc-2a"/>
      </symbol>
      <symbol id="sm-f5">
         <name>ResetISR</name>
         <value>0x33fd</value>
         <object_component_ref idref="oc-24"/>
      </symbol>
      <symbol id="sm-f6">
         <name>g_pfnVectors</name>
         <value>0x0</value>
         <object_component_ref idref="oc-f"/>
      </symbol>
      <symbol id="sm-164">
         <name>UARTgetc</name>
         <value>0x150f</value>
         <object_component_ref idref="oc-89"/>
      </symbol>
      <symbol id="sm-165">
         <name>UARTgets</name>
         <value>0x1469</value>
         <object_component_ref idref="oc-89"/>
      </symbol>
      <symbol id="sm-166">
         <name>UARTStdioConfig</name>
         <value>0x13dd</value>
         <object_component_ref idref="oc-89"/>
      </symbol>
      <symbol id="sm-167">
         <name>UARTwrite</name>
         <value>0x1423</value>
         <object_component_ref idref="oc-89"/>
      </symbol>
      <symbol id="sm-168">
         <name>UARTprintf</name>
         <value>0x182b</value>
         <object_component_ref idref="oc-89"/>
      </symbol>
      <symbol id="sm-169">
         <name>UARTvprintf</name>
         <value>0x1531</value>
         <object_component_ref idref="oc-89"/>
      </symbol>
      <symbol id="sm-1c0">
         <name>GPIOPinTypePWM</name>
         <value>0x32e1</value>
         <object_component_ref idref="oc-c6"/>
      </symbol>
      <symbol id="sm-1c1">
         <name>GPIOPinConfigure</name>
         <value>0x2f75</value>
         <object_component_ref idref="oc-77"/>
      </symbol>
      <symbol id="sm-1c2">
         <name>GPIOPinTypeUART</name>
         <value>0x3305</value>
         <object_component_ref idref="oc-7d"/>
      </symbol>
      <symbol id="sm-1c3">
         <name>GPIOPinTypeGPIOOutput</name>
         <value>0x321f</value>
         <object_component_ref idref="oc-d8"/>
      </symbol>
      <symbol id="sm-1c4">
         <name>GPIODirModeSet</name>
         <value>0x3193</value>
         <object_component_ref idref="oc-b3"/>
      </symbol>
      <symbol id="sm-1c5">
         <name>GPIOPinTypeQEI</name>
         <value>0x32f3</value>
         <object_component_ref idref="oc-de"/>
      </symbol>
      <symbol id="sm-1c6">
         <name>GPIOPinWrite</name>
         <value>0x3469</value>
         <object_component_ref idref="oc-120"/>
      </symbol>
      <symbol id="sm-1c7">
         <name>GPIOPadConfigSet</name>
         <value>0x22e7</value>
         <object_component_ref idref="oc-b9"/>
      </symbol>
      <symbol id="sm-1f7">
         <name>IntEnable</name>
         <value>0x2d91</value>
         <object_component_ref idref="oc-9b"/>
      </symbol>
      <symbol id="sm-1f8">
         <name>IntMasterEnable</name>
         <value>0x3371</value>
         <object_component_ref idref="oc-a7"/>
      </symbol>
      <symbol id="sm-235">
         <name>PWMGenPeriodSet</name>
         <value>0x3381</value>
         <object_component_ref idref="oc-d2"/>
      </symbol>
      <symbol id="sm-236">
         <name>PWMGenDisable</name>
         <value>0x33e5</value>
         <object_component_ref idref="oc-11a"/>
      </symbol>
      <symbol id="sm-237">
         <name>PWMPulseWidthSet</name>
         <value>0x3201</value>
         <object_component_ref idref="oc-12c"/>
      </symbol>
      <symbol id="sm-238">
         <name>PWMGenPeriodGet</name>
         <value>0x3317</value>
         <object_component_ref idref="oc-126"/>
      </symbol>
      <symbol id="sm-239">
         <name>PWMOutputState</name>
         <value>0x3329</value>
         <object_component_ref idref="oc-114"/>
      </symbol>
      <symbol id="sm-23a">
         <name>PWMGenEnable</name>
         <value>0x33f1</value>
         <object_component_ref idref="oc-132"/>
      </symbol>
      <symbol id="sm-23b">
         <name>PWMGenConfigure</name>
         <value>0x31bd</value>
         <object_component_ref idref="oc-cc"/>
      </symbol>
      <symbol id="sm-298">
         <name>QEIDirectionGet</name>
         <value>0x33af</value>
         <object_component_ref idref="oc-13e"/>
      </symbol>
      <symbol id="sm-299">
         <name>QEIPositionGet</name>
         <value>0x3475</value>
         <object_component_ref idref="oc-138"/>
      </symbol>
      <symbol id="sm-29a">
         <name>QEIVelocityGet</name>
         <value>0x347d</value>
         <object_component_ref idref="oc-144"/>
      </symbol>
      <symbol id="sm-29b">
         <name>QEIVelocityConfigure</name>
         <value>0x3391</value>
         <object_component_ref idref="oc-fc"/>
      </symbol>
      <symbol id="sm-29c">
         <name>QEIIntDisable</name>
         <value>0x341d</value>
         <object_component_ref idref="oc-f0"/>
      </symbol>
      <symbol id="sm-29d">
         <name>QEIDisable</name>
         <value>0x3409</value>
         <object_component_ref idref="oc-e4"/>
      </symbol>
      <symbol id="sm-29e">
         <name>QEIVelocityDisable</name>
         <value>0x3427</value>
         <object_component_ref idref="oc-ea"/>
      </symbol>
      <symbol id="sm-29f">
         <name>QEIEnable</name>
         <value>0x3413</value>
         <object_component_ref idref="oc-102"/>
      </symbol>
      <symbol id="sm-2a0">
         <name>QEIPositionSet</name>
         <value>0x3479</value>
         <object_component_ref idref="oc-108"/>
      </symbol>
      <symbol id="sm-2a1">
         <name>QEIVelocityEnable</name>
         <value>0x3431</value>
         <object_component_ref idref="oc-10e"/>
      </symbol>
      <symbol id="sm-2a2">
         <name>QEIConfigure</name>
         <value>0x33a1</value>
         <object_component_ref idref="oc-f6"/>
      </symbol>
      <symbol id="sm-309">
         <name>SysCtlPeripheralPresent</name>
         <value>0x3089</value>
         <object_component_ref idref="oc-1cb"/>
      </symbol>
      <symbol id="sm-30a">
         <name>SysCtlClockSet</name>
         <value>0x2975</value>
         <object_component_ref idref="oc-164"/>
      </symbol>
      <symbol id="sm-30b">
         <name>SysCtlDelay</name>
         <value>0x346f</value>
         <object_component_ref idref="oc-c5"/>
      </symbol>
      <symbol id="sm-30c">
         <name>SysCtlPeripheralEnable</name>
         <value>0x3131</value>
         <object_component_ref idref="oc-71"/>
      </symbol>
      <symbol id="sm-30d">
         <name>SysCtlClockGet</name>
         <value>0x2549</value>
         <object_component_ref idref="oc-83"/>
      </symbol>
      <symbol id="sm-30e">
         <name>SysCtlPWMClockSet</name>
         <value>0x327d</value>
         <object_component_ref idref="oc-bf"/>
      </symbol>
      <symbol id="sm-342">
         <name>TimerLoadSet</name>
         <value>0x333b</value>
         <object_component_ref idref="oc-95"/>
      </symbol>
      <symbol id="sm-343">
         <name>TimerEnable</name>
         <value>0x33bd</value>
         <object_component_ref idref="oc-ad"/>
      </symbol>
      <symbol id="sm-344">
         <name>TimerIntEnable</name>
         <value>0x344f</value>
         <object_component_ref idref="oc-a1"/>
      </symbol>
      <symbol id="sm-345">
         <name>TimerConfigure</name>
         <value>0x2ec9</value>
         <object_component_ref idref="oc-8f"/>
      </symbol>
      <symbol id="sm-346">
         <name>TimerIntClear</name>
         <value>0x3481</value>
         <object_component_ref idref="oc-15e"/>
      </symbol>
      <symbol id="sm-379">
         <name>UARTConfigSetExpClk</name>
         <value>0x2fbd</value>
         <object_component_ref idref="oc-1d1"/>
      </symbol>
      <symbol id="sm-37a">
         <name>UARTDisable</name>
         <value>0x31e1</value>
         <object_component_ref idref="oc-2b2"/>
      </symbol>
      <symbol id="sm-37b">
         <name>UARTCharPut</name>
         <value>0x3445</value>
         <object_component_ref idref="oc-1dd"/>
      </symbol>
      <symbol id="sm-37c">
         <name>UARTEnable</name>
         <value>0x3291</value>
         <object_component_ref idref="oc-1d7"/>
      </symbol>
      <symbol id="sm-37d">
         <name>UARTCharGet</name>
         <value>0x343b</value>
         <object_component_ref idref="oc-1e3"/>
      </symbol>
      <symbol id="sm-387">
         <name>CPUcpsie</name>
         <value>0x33d9</value>
         <object_component_ref idref="oc-20a"/>
      </symbol>
      <symbol id="sm-396">
         <name>__aeabi_uidivmod</name>
         <value>0x3049</value>
         <object_component_ref idref="oc-1f2"/>
      </symbol>
      <symbol id="sm-397">
         <name>__aeabi_uidiv</name>
         <value>0x3049</value>
         <object_component_ref idref="oc-1f2"/>
      </symbol>
      <symbol id="sm-3b9">
         <name>__aeabi_cdcmpeq</name>
         <value>0x2b9b</value>
         <object_component_ref idref="oc-159"/>
      </symbol>
      <symbol id="sm-3ba">
         <name>__aeabi_cdcmple</name>
         <value>0x2b9b</value>
         <object_component_ref idref="oc-159"/>
      </symbol>
      <symbol id="sm-3bb">
         <name>__aeabi_cdrcmple</name>
         <value>0x2c21</value>
         <object_component_ref idref="oc-154"/>
      </symbol>
      <symbol id="sm-3c6">
         <name>__aeabi_dmul</name>
         <value>0x2879</value>
         <object_component_ref idref="oc-14f"/>
      </symbol>
      <symbol id="sm-3d0">
         <name>__aeabi_i2d</name>
         <value>0x3165</value>
         <object_component_ref idref="oc-14a"/>
      </symbol>
      <symbol id="sm-3e9">
         <name>__TI_zero_init_nomemset</name>
         <value>0x335f</value>
         <object_component_ref idref="oc-4a"/>
      </symbol>
      <symbol id="sm-400">
         <name>__TI_decompress_none</name>
         <value>0x33cb</value>
         <object_component_ref idref="oc-18"/>
      </symbol>
      <symbol id="sm-423">
         <name>__TI_decompress_lzss</name>
         <value>0x2e61</value>
         <object_component_ref idref="oc-12"/>
      </symbol>
      <symbol id="sm-436">
         <name>__stack</name>
         <value>0x20000000</value>
         <object_component_ref idref="oc-21"/>
      </symbol>
      <symbol id="sm-437">
         <name>_c_int00_noargs</name>
         <value>0x30c1</value>
         <object_component_ref idref="oc-5c"/>
      </symbol>
      <symbol id="sm-442">
         <name>C$$EXIT</name>
         <value>0x3489</value>
         <object_component_ref idref="oc-266"/>
      </symbol>
      <symbol id="sm-443">
         <name>abort</name>
         <value>0x3489</value>
         <object_component_ref idref="oc-266"/>
      </symbol>
      <symbol id="sm-47c">
         <name>sscanf</name>
         <value>0x30f9</value>
         <object_component_ref idref="oc-16a"/>
      </symbol>
      <symbol id="sm-486">
         <name>__aeabi_idiv0</name>
         <value>0x2053</value>
         <object_component_ref idref="oc-2c3"/>
      </symbol>
      <symbol id="sm-487">
         <name>__aeabi_ldiv0</name>
         <value>0x2053</value>
         <object_component_ref idref="oc-2c3"/>
      </symbol>
      <symbol id="sm-496">
         <name>__aeabi_memset</name>
         <value>0x2ca9</value>
         <object_component_ref idref="oc-1a2"/>
      </symbol>
      <symbol id="sm-497">
         <name>memset</name>
         <value>0x2caf</value>
         <object_component_ref idref="oc-1a2"/>
      </symbol>
      <symbol id="sm-498">
         <name>__aeabi_memset8</name>
         <value>0x2ca9</value>
         <object_component_ref idref="oc-1a2"/>
      </symbol>
      <symbol id="sm-499">
         <name>__aeabi_memset4</name>
         <value>0x2ca9</value>
         <object_component_ref idref="oc-1a2"/>
      </symbol>
      <symbol id="sm-49a">
         <name>__aeabi_memclr8</name>
         <value>0x2ca7</value>
         <object_component_ref idref="oc-1a2"/>
      </symbol>
      <symbol id="sm-49b">
         <name>__aeabi_memclr4</name>
         <value>0x2ca7</value>
         <object_component_ref idref="oc-1a2"/>
      </symbol>
      <symbol id="sm-49c">
         <name>__aeabi_memclr</name>
         <value>0x2ca7</value>
         <object_component_ref idref="oc-1a2"/>
      </symbol>
      <symbol id="sm-4b7">
         <name>memcpy</name>
         <value>0x2a69</value>
         <object_component_ref idref="oc-3e"/>
      </symbol>
      <symbol id="sm-4b8">
         <name>__aeabi_memcpy</name>
         <value>0x2a69</value>
         <object_component_ref idref="oc-3e"/>
      </symbol>
      <symbol id="sm-4b9">
         <name>__aeabi_memcpy8</name>
         <value>0x2a69</value>
         <object_component_ref idref="oc-3e"/>
      </symbol>
      <symbol id="sm-4ba">
         <name>__aeabi_memcpy4</name>
         <value>0x2a69</value>
         <object_component_ref idref="oc-3e"/>
      </symbol>
      <symbol id="sm-4e2">
         <name>__TI_auto_init_nobinit_nopinit</name>
         <value>0x3005</value>
         <object_component_ref idref="oc-272"/>
      </symbol>
      <symbol id="sm-4ec">
         <name>_system_pre_init</name>
         <value>0x3485</value>
         <object_component_ref idref="oc-1a8"/>
      </symbol>
      <symbol id="sm-5a8">
         <name>__TI_scanfi</name>
         <value>0x26d</value>
         <object_component_ref idref="oc-233"/>
      </symbol>
      <symbol id="sm-5be">
         <name>atoi</name>
         <value>0x2f29</value>
         <object_component_ref idref="oc-30b"/>
      </symbol>
      <symbol id="sm-5c9">
         <name>_ctypes_</name>
         <value>0x3490</value>
         <object_component_ref idref="oc-302"/>
      </symbol>
      <symbol id="sm-5d9">
         <name>strchr</name>
         <value>0x3267</value>
         <object_component_ref idref="oc-317"/>
      </symbol>
      <symbol id="sm-5e7">
         <name>strcpy</name>
         <value>0x32b9</value>
         <object_component_ref idref="oc-2d9"/>
      </symbol>
      <symbol id="sm-5f5">
         <name>strlen</name>
         <value>0x32cd</value>
         <object_component_ref idref="oc-305"/>
      </symbol>
      <symbol id="sm-604">
         <name>strrchr</name>
         <value>0x324f</value>
         <object_component_ref idref="oc-311"/>
      </symbol>
      <symbol id="sm-664">
         <name>strtold</name>
         <value>0x1861</value>
         <object_component_ref idref="oc-2eb"/>
      </symbol>
      <symbol id="sm-665">
         <name>strtod</name>
         <value>0x1861</value>
         <object_component_ref idref="oc-2eb"/>
      </symbol>
      <symbol id="sm-689">
         <name>strtol</name>
         <value>0x2419</value>
         <object_component_ref idref="oc-2f6"/>
      </symbol>
      <symbol id="sm-6af">
         <name>strtoll</name>
         <value>0x1cc1</value>
         <object_component_ref idref="oc-2fc"/>
      </symbol>
      <symbol id="sm-6cf">
         <name>strtoul</name>
         <value>0x2769</value>
         <object_component_ref idref="oc-2e5"/>
      </symbol>
      <symbol id="sm-6f2">
         <name>strtoull</name>
         <value>0x2055</value>
         <object_component_ref idref="oc-2df"/>
      </symbol>
      <symbol id="sm-719">
         <name>scalbn</name>
         <value>0x2659</value>
         <object_component_ref idref="oc-36f"/>
      </symbol>
      <symbol id="sm-71a">
         <name>scalbnl</name>
         <value>0x2659</value>
         <object_component_ref idref="oc-36f"/>
      </symbol>
      <symbol id="sm-71b">
         <name>ldexpl</name>
         <value>0x2659</value>
         <object_component_ref idref="oc-36f"/>
      </symbol>
      <symbol id="sm-71c">
         <name>ldexp</name>
         <value>0x2659</value>
         <object_component_ref idref="oc-36f"/>
      </symbol>
      <symbol id="sm-726">
         <name>copysign</name>
         <value>0x32a5</value>
         <object_component_ref idref="oc-3c7"/>
      </symbol>
      <symbol id="sm-727">
         <name>copysignl</name>
         <value>0x32a5</value>
         <object_component_ref idref="oc-3c7"/>
      </symbol>
      <symbol id="sm-73e">
         <name>__aeabi_dsub</name>
         <value>0x1e9d</value>
         <object_component_ref idref="oc-365"/>
      </symbol>
      <symbol id="sm-73f">
         <name>__aeabi_dadd</name>
         <value>0x1ea7</value>
         <object_component_ref idref="oc-365"/>
      </symbol>
      <symbol id="sm-753">
         <name>__aeabi_ddiv</name>
         <value>0x21b1</value>
         <object_component_ref idref="oc-36a"/>
      </symbol>
      <symbol id="sm-75f">
         <name>__aeabi_d2f</name>
         <value>0x2d21</value>
         <object_component_ref idref="oc-2f1"/>
      </symbol>
      <symbol id="sm-768">
         <name>__aeabi_lmul</name>
         <value>0x3237</value>
         <object_component_ref idref="oc-351"/>
      </symbol>
      <symbol id="sm-775">
         <name>__aeabi_uldivmod</name>
         <value>0x2b05</value>
         <object_component_ref idref="oc-356"/>
      </symbol>
      <symbol id="sm-78b">
         <name>__aeabi_errno_addr</name>
         <value>0x3459</value>
         <object_component_ref idref="oc-35b"/>
      </symbol>
      <symbol id="sm-78c">
         <name>errno</name>
         <value>0x20002758</value>
         <object_component_ref idref="oc-3bc"/>
      </symbol>
      <symbol id="sm-78d">
         <name>__TI_static_base__</name>
         <value>0x0</value>
      </symbol>
      <symbol id="sm-790">
         <name>__mpu_init</name>
         <value>0x0</value>
      </symbol>
      <symbol id="sm-791">
         <name>_system_post_cinit</name>
         <value>0x0</value>
      </symbol>
   </symbol_table>
   <title>Link successful</title>
</link_info>
